// Jest Snapshot v1, https://goo.gl/fbAQLP

exports[`<UserService - (deactivate) /> should deactivate a user successfully 1`] = `
{
  "message": "User deactivated successfully",
}
`;
