// Jest Snapshot v1, https://goo.gl/fbAQLP

exports[`<ReactivateUserService /> should reactivate a user successfully 1`] = `
{
  "message": "Account reactivated successfully",
}
`;
