// Jest Snapshot v1, https://goo.gl/fbAQLP

exports[`<FileMocks /> should generate a valid file mock 1`] = `
{
  "buffer": {
    "data": [
      116,
      101,
      115,
      116,
    ],
    "type": "Buffer",
  },
  "mimetype": "image/jpeg",
  "originalname": "image.jpg",
  "size": 10240,
}
`;
