// Jest Snapshot v1, https://goo.gl/fbAQLP

exports[`<AuthService /> <Login /> should realize login 1`] = `
{
  "accessToken": "access-token",
  "refreshToken": "refresh-token",
}
`;
