// Jest Snapshot v1, https://goo.gl/fbAQLP

exports[`AuthController <Login /> should realize login 1`] = `
{
  "accessToken": "access-token",
  "refreshToken": "refresh-token",
}
`;

exports[`AuthController <RefreshToken /> should generate a new access token with a valid refresh token 1`] = `
{
  "accessToken": "new-access-token",
}
`;
