// Jest Snapshot v1, https://goo.gl/fbAQLP

exports[`<AuthTokenGuard /> should allow access with a valid token 1`] = `true`;
