// Jest Snapshot v1, https://goo.gl/fbAQLP

exports[`<CloudinaryService /> <UploadProfilePicture /> should upload profile picture and return the secure URL 1`] = `"https://mocked.cloudinary.com/image/upload/v1/profile-pictures/file_12345.jpg"`;
