// Jest Snapshot v1, https://goo.gl/fbAQLP

exports[`UserController should reactivate a user successfully 1`] = `
{
  "message": "User reactivated successfully",
}
`;
