// Jest Snapshot v1, https://goo.gl/fbAQLP

exports[`<PostImagesValidatorPipe/ > should return null if the files is empty 1`] = `null`;

exports[`<PostImagesValidatorPipe/ > should return the files 1`] = `
[
  {
    "buffer": {
      "data": [
        116,
        101,
        115,
        116,
      ],
      "type": "Buffer",
    },
    "mimetype": "image/jpeg",
    "originalname": "image.jpg",
    "size": 10240,
  },
]
`;
